mode: set
banking/gin-service/temporal/workflows/settlement_workflow.go:23.84,26.28 2 1
banking/gin-service/temporal/workflows/settlement_workflow.go:27.14,28.27 1 1
banking/gin-service/temporal/workflows/settlement_workflow.go:29.14,30.26 1 1
banking/gin-service/temporal/workflows/settlement_workflow.go:31.10,32.73 1 1
banking/gin-service/temporal/workflows/settlement_workflow.go:35.2,35.51 1 1
banking/gin-service/temporal/workflows/settlement_workflow.go:35.51,37.3 1 0
banking/gin-service/temporal/workflows/settlement_workflow.go:39.2,59.18 4 1
banking/gin-service/main.go:16.13,17.40 1 0
banking/gin-service/main.go:17.40,19.3 1 0
banking/gin-service/main.go:21.2,24.24 3 0
banking/gin-service/main.go:24.24,26.3 1 0
banking/gin-service/main.go:28.2,31.16 2 0
banking/gin-service/main.go:31.16,34.3 1 0
banking/gin-service/main.go:34.8,41.3 4 0
banking/gin-service/main.go:43.2,45.40 2 0
banking/gin-service/main.go:45.40,47.3 1 0
banking/gin-service/main.go:49.2,54.16 5 0
banking/gin-service/db/database.go:40.48,51.2 1 0
banking/gin-service/db/database.go:53.49,64.2 1 0
banking/gin-service/db/database.go:70.83,71.22 1 0
banking/gin-service/db/database.go:71.22,73.3 1 0
banking/gin-service/db/database.go:74.2,74.26 1 0
banking/gin-service/db/database.go:74.26,76.3 1 0
banking/gin-service/db/database.go:77.2,78.12 2 0
banking/gin-service/db/database.go:81.99,84.42 3 0
banking/gin-service/db/database.go:84.42,86.3 1 0
banking/gin-service/db/database.go:87.2,87.16 1 0
banking/gin-service/db/database.go:87.16,89.3 1 0
banking/gin-service/db/database.go:90.2,91.16 2 0
banking/gin-service/db/database.go:94.98,100.2 2 0
banking/gin-service/db/database.go:102.85,105.16 3 0
banking/gin-service/db/database.go:105.16,107.3 1 0
banking/gin-service/db/database.go:108.2,110.47 3 0
banking/gin-service/db/database.go:110.47,112.3 1 0
banking/gin-service/db/database.go:113.2,114.25 2 0
banking/gin-service/db/database.go:114.25,116.3 1 0
banking/gin-service/db/database.go:117.2,117.23 1 0
banking/gin-service/db/database.go:120.16,128.16 6 0
banking/gin-service/db/database.go:128.16,130.3 1 0
banking/gin-service/db/database.go:131.2,131.46 1 0
banking/gin-service/db/database.go:131.46,133.3 1 0
banking/gin-service/db/database.go:135.2,137.63 3 0
banking/gin-service/db/database.go:140.42,141.42 1 0
banking/gin-service/db/database.go:141.42,143.3 1 0
banking/gin-service/db/database.go:144.2,144.17 1 0
